Archive member included to satisfy reference by file (symbol)

/usr/bin/../lib/gcc/arm-none-eabi/7.3.1/../../../../arm-none-eabi/lib/thumb/v6-m/libg_nano.a(lib_a-memcpy-stub.o)
                              build/gas_analyser_m0/selfmain.o (memcpy)

Allocating common symbols
Common symbol       size              file

b_sharp_received    0x1               build/gas_analyser_m0/usart_sam_ba.o
timerHigh           0x4               build/gas_analyser_m0/utils.o
idx_rx_write        0x1               build/gas_analyser_m0/usart_sam_ba.o
size_of_data        0x2               build/gas_analyser_m0/usart_sam_ba.o
bootloader_page_buf
                    0x100             build/gas_analyser_m0/selfmain.o
resetHorizon        0x4               build/gas_analyser_m0/utils.o
idx_tx_read         0x1               build/gas_analyser_m0/usart_sam_ba.o
buffer_tx_usart     0x80              build/gas_analyser_m0/usart_sam_ba.o
error_timeout       0x1               build/gas_analyser_m0/usart_sam_ba.o
mode_of_transfer    0x1               build/gas_analyser_m0/usart_sam_ba.o
idx_rx_read         0x1               build/gas_analyser_m0/usart_sam_ba.o
idx_tx_write        0x1               build/gas_analyser_m0/usart_sam_ba.o
buffer_rx_usart     0x80              build/gas_analyser_m0/usart_sam_ba.o

Discarded input sections

 .text          0x0000000000000000        0x0 build/gas_analyser_m0/flash_samd21.o
 .data          0x0000000000000000        0x0 build/gas_analyser_m0/flash_samd21.o
 .bss           0x0000000000000000        0x0 build/gas_analyser_m0/flash_samd21.o
 .text.flash_erase_to_end
                0x0000000000000000       0x1c build/gas_analyser_m0/flash_samd21.o
 .text.copy_words
                0x0000000000000000       0x14 build/gas_analyser_m0/flash_samd21.o
 .text.flash_write
                0x0000000000000000       0x9c build/gas_analyser_m0/flash_samd21.o
 .text          0x0000000000000000        0x0 build/gas_analyser_m0/init_samd21.o
 .data          0x0000000000000000        0x0 build/gas_analyser_m0/init_samd21.o
 .bss           0x0000000000000000        0x0 build/gas_analyser_m0/init_samd21.o
 .data.g_interrupt_enabled
                0x0000000000000000        0x1 build/gas_analyser_m0/init_samd21.o
 .text          0x0000000000000000        0x0 build/gas_analyser_m0/startup_samd21.o
 .data          0x0000000000000000        0x0 build/gas_analyser_m0/startup_samd21.o
 .bss           0x0000000000000000        0x0 build/gas_analyser_m0/startup_samd21.o
 .text          0x0000000000000000        0x0 build/gas_analyser_m0/usart_sam_ba.o
 .data          0x0000000000000000        0x0 build/gas_analyser_m0/usart_sam_ba.o
 .bss           0x0000000000000000        0x0 build/gas_analyser_m0/usart_sam_ba.o
 .text.usart_open
                0x0000000000000000       0xbc build/gas_analyser_m0/usart_sam_ba.o
 .text.usart_close
                0x0000000000000000       0x10 build/gas_analyser_m0/usart_sam_ba.o
 .text.usart_putc
                0x0000000000000000       0x14 build/gas_analyser_m0/usart_sam_ba.o
 .text.usart_getc
                0x0000000000000000       0x10 build/gas_analyser_m0/usart_sam_ba.o
 .text.usart_is_rx_ready
                0x0000000000000000       0x10 build/gas_analyser_m0/usart_sam_ba.o
 .text.usart_sharp_received
                0x0000000000000000       0x1a build/gas_analyser_m0/usart_sam_ba.o
 .text.usart_readc
                0x0000000000000000       0x20 build/gas_analyser_m0/usart_sam_ba.o
 .text.usart_putdata
                0x0000000000000000       0x1a build/gas_analyser_m0/usart_sam_ba.o
 .text.usart_getdata
                0x0000000000000000        0xe build/gas_analyser_m0/usart_sam_ba.o
 .text.getbytes
                0x0000000000000000       0x60 build/gas_analyser_m0/usart_sam_ba.o
 .text.getPacket
                0x0000000000000000       0x70 build/gas_analyser_m0/usart_sam_ba.o
 .text.usart_putdata_xmd
                0x0000000000000000      0x10c build/gas_analyser_m0/usart_sam_ba.o
 .text.usart_getdata_xmd
                0x0000000000000000       0xb8 build/gas_analyser_m0/usart_sam_ba.o
 COMMON         0x0000000000000000      0x109 build/gas_analyser_m0/usart_sam_ba.o
 .text          0x0000000000000000        0x0 build/gas_analyser_m0/screen.o
 .data          0x0000000000000000        0x0 build/gas_analyser_m0/screen.o
 .bss           0x0000000000000000        0x0 build/gas_analyser_m0/screen.o
 .debug_info    0x0000000000000000      0x90a build/gas_analyser_m0/screen.o
 .debug_abbrev  0x0000000000000000      0x197 build/gas_analyser_m0/screen.o
 .debug_aranges
                0x0000000000000000       0x18 build/gas_analyser_m0/screen.o
 .debug_line    0x0000000000000000      0x113 build/gas_analyser_m0/screen.o
 .debug_str     0x0000000000000000      0x5e9 build/gas_analyser_m0/screen.o
 .comment       0x0000000000000000       0x80 build/gas_analyser_m0/screen.o
 .ARM.attributes
                0x0000000000000000       0x32 build/gas_analyser_m0/screen.o
 .text          0x0000000000000000        0x0 build/gas_analyser_m0/images.o
 .data          0x0000000000000000        0x0 build/gas_analyser_m0/images.o
 .bss           0x0000000000000000        0x0 build/gas_analyser_m0/images.o
 .rodata.arrowLogo
                0x0000000000000000       0x39 build/gas_analyser_m0/images.o
 .rodata.fileLogo
                0x0000000000000000       0x4a build/gas_analyser_m0/images.o
 .rodata.font8  0x0000000000000000      0x240 build/gas_analyser_m0/images.o
 .rodata.pendriveLogo
                0x0000000000000000       0x3e build/gas_analyser_m0/images.o
 .debug_info    0x0000000000000000      0x118 build/gas_analyser_m0/images.o
 .debug_abbrev  0x0000000000000000       0x66 build/gas_analyser_m0/images.o
 .debug_aranges
                0x0000000000000000       0x18 build/gas_analyser_m0/images.o
 .debug_line    0x0000000000000000       0x90 build/gas_analyser_m0/images.o
 .debug_str     0x0000000000000000      0x1b4 build/gas_analyser_m0/images.o
 .comment       0x0000000000000000       0x80 build/gas_analyser_m0/images.o
 .ARM.attributes
                0x0000000000000000       0x32 build/gas_analyser_m0/images.o
 .text          0x0000000000000000        0x0 build/gas_analyser_m0/utils.o
 .data          0x0000000000000000        0x0 build/gas_analyser_m0/utils.o
 .bss           0x0000000000000000        0x0 build/gas_analyser_m0/utils.o
 .text.writeNum
                0x0000000000000000       0x38 build/gas_analyser_m0/utils.o
 .text.led_signal
                0x0000000000000000       0x20 build/gas_analyser_m0/utils.o
 .text.timerTick
                0x0000000000000000       0x40 build/gas_analyser_m0/utils.o
 .bss.timerLow  0x0000000000000000        0x4 build/gas_analyser_m0/utils.o
 COMMON         0x0000000000000000        0x8 build/gas_analyser_m0/utils.o
 .text          0x0000000000000000        0x0 build/gas_analyser_m0/selfmain.o
 .data          0x0000000000000000        0x0 build/gas_analyser_m0/selfmain.o
 .bss           0x0000000000000000        0x0 build/gas_analyser_m0/selfmain.o
 .text          0x0000000000000000        0x0 build/gas_analyser_m0/selfdata.o
 .data          0x0000000000000000        0x0 build/gas_analyser_m0/selfdata.o
 .bss           0x0000000000000000        0x0 build/gas_analyser_m0/selfdata.o
 .text          0x0000000000000000        0x0 /usr/bin/../lib/gcc/arm-none-eabi/7.3.1/../../../../arm-none-eabi/lib/thumb/v6-m/libg_nano.a(lib_a-memcpy-stub.o)
 .data          0x0000000000000000        0x0 /usr/bin/../lib/gcc/arm-none-eabi/7.3.1/../../../../arm-none-eabi/lib/thumb/v6-m/libg_nano.a(lib_a-memcpy-stub.o)
 .bss           0x0000000000000000        0x0 /usr/bin/../lib/gcc/arm-none-eabi/7.3.1/../../../../arm-none-eabi/lib/thumb/v6-m/libg_nano.a(lib_a-memcpy-stub.o)

Memory Configuration

Name             Origin             Length             Attributes
rom              0x0000000000002000 0x0000000000020000 xr
ram              0x0000000020000000 0x0000000000008000 xrw
*default*        0x0000000000000000 0xffffffffffffffff

Linker script and memory map

LOAD build/gas_analyser_m0/flash_samd21.o
LOAD build/gas_analyser_m0/init_samd21.o
LOAD build/gas_analyser_m0/startup_samd21.o
LOAD build/gas_analyser_m0/usart_sam_ba.o
LOAD build/gas_analyser_m0/screen.o
LOAD build/gas_analyser_m0/images.o
LOAD build/gas_analyser_m0/utils.o
LOAD build/gas_analyser_m0/selfmain.o
LOAD build/gas_analyser_m0/selfdata.o
START GROUP
LOAD /usr/bin/../lib/gcc/arm-none-eabi/7.3.1/thumb/v6-m/libgcc.a
LOAD /usr/bin/../lib/gcc/arm-none-eabi/7.3.1/../../../../arm-none-eabi/lib/thumb/v6-m/libg_nano.a
LOAD /usr/bin/../lib/gcc/arm-none-eabi/7.3.1/../../../../arm-none-eabi/lib/thumb/v6-m/libc_nano.a
END GROUP
START GROUP
LOAD /usr/bin/../lib/gcc/arm-none-eabi/7.3.1/thumb/v6-m/libgcc.a
LOAD /usr/bin/../lib/gcc/arm-none-eabi/7.3.1/../../../../arm-none-eabi/lib/thumb/v6-m/libc_nano.a
LOAD /usr/bin/../lib/gcc/arm-none-eabi/7.3.1/../../../../arm-none-eabi/lib/thumb/v6-m/libnosys.a
END GROUP
START GROUP
LOAD /usr/bin/../lib/gcc/arm-none-eabi/7.3.1/thumb/v6-m/libgcc.a
LOAD /usr/bin/../lib/gcc/arm-none-eabi/7.3.1/../../../../arm-none-eabi/lib/thumb/v6-m/libc_nano.a
LOAD /usr/bin/../lib/gcc/arm-none-eabi/7.3.1/../../../../arm-none-eabi/lib/thumb/v6-m/libnosys.a
END GROUP
                0x0000000000002000                STACK_SIZE = DEFINED (STACK_SIZE)?STACK_SIZE:DEFINED (__stack_size__)?__stack_size__:0x2000

.text           0x0000000000002000     0x2610
                0x0000000000002000                . = ALIGN (0x4)
                0x0000000000002000                _sfixed = .
 *(.vectors .vectors.*)
 .vectors       0x0000000000002000       0xb4 build/gas_analyser_m0/startup_samd21.o
                0x0000000000002000                exception_table
 *(.text .text.* .gnu.linkonce.t.*)
 .text.flash_erase_row
                0x00000000000020b4       0x28 build/gas_analyser_m0/flash_samd21.o
                0x00000000000020b4                flash_erase_row
 .text.flash_write_words
                0x00000000000020dc       0x54 build/gas_analyser_m0/flash_samd21.o
                0x00000000000020dc                flash_write_words
 .text.flash_write_row
                0x0000000000002130       0x2e build/gas_analyser_m0/flash_samd21.o
                0x0000000000002130                flash_write_row
 *fill*         0x000000000000215e        0x2 
 .text.dfll_sync
                0x0000000000002160       0x10 build/gas_analyser_m0/init_samd21.o
 .text.system_init
                0x0000000000002170       0xbc build/gas_analyser_m0/init_samd21.o
                0x0000000000002170                system_init
 .text.SysTick_Handler
                0x000000000000222c        0x8 build/gas_analyser_m0/init_samd21.o
                0x000000000000222c                SysTick_Handler
 .text.Dummy_Handler
                0x0000000000002234        0x2 build/gas_analyser_m0/startup_samd21.o
                0x0000000000002234                DMAC_Handler
                0x0000000000002234                AC_Handler
                0x0000000000002234                PendSV_Handler
                0x0000000000002234                NMI_Handler
                0x0000000000002234                SERCOM1_Handler
                0x0000000000002234                ADC_Handler
                0x0000000000002234                TCC1_Handler
                0x0000000000002234                SERCOM2_Handler
                0x0000000000002234                TCC0_Handler
                0x0000000000002234                RTC_Handler
                0x0000000000002234                EIC_Handler
                0x0000000000002234                WDT_Handler
                0x0000000000002234                TC4_Handler
                0x0000000000002234                USB_Handler
                0x0000000000002234                TC3_Handler
                0x0000000000002234                Dummy_Handler
                0x0000000000002234                PM_Handler
                0x0000000000002234                SVC_Handler
                0x0000000000002234                TCC2_Handler
                0x0000000000002234                EVSYS_Handler
                0x0000000000002234                SERCOM3_Handler
                0x0000000000002234                I2S_Handler
                0x0000000000002234                NVMCTRL_Handler
                0x0000000000002234                SERCOM0_Handler
                0x0000000000002234                DAC_Handler
                0x0000000000002234                PTC_Handler
                0x0000000000002234                TC5_Handler
                0x0000000000002234                SYSCTRL_Handler
 .text.HardFault_Handler
                0x0000000000002236        0x2 build/gas_analyser_m0/startup_samd21.o
                0x0000000000002236                HardFault_Handler
 .text.Reset_Handler
                0x0000000000002238       0xb0 build/gas_analyser_m0/startup_samd21.o
                0x0000000000002238                Reset_Handler
 .text.add_crc  0x00000000000022e8       0x54 build/gas_analyser_m0/usart_sam_ba.o
                0x00000000000022e8                add_crc
 .text.neopixel_send_buffer_core
                0x000000000000233c       0x36 build/gas_analyser_m0/utils.o
 *fill*         0x0000000000002372        0x2 
 .text.delay    0x0000000000002374       0x28 build/gas_analyser_m0/utils.o
                0x0000000000002374                delay
 .text.panic    0x000000000000239c        0x2 build/gas_analyser_m0/utils.o
                0x000000000000239c                panic
 *fill*         0x000000000000239e        0x2 
 .text.resetIntoBootloader
                0x00000000000023a0       0x28 build/gas_analyser_m0/utils.o
                0x00000000000023a0                resetIntoBootloader
 .text.led_tick
                0x00000000000023c8       0x58 build/gas_analyser_m0/utils.o
                0x00000000000023c8                led_tick
 .text.led_init
                0x0000000000002420        0x2 build/gas_analyser_m0/utils.o
                0x0000000000002420                led_init
 *fill*         0x0000000000002422        0x2 
 .text.RGBLED_set_color
                0x0000000000002424       0x50 build/gas_analyser_m0/utils.o
                0x0000000000002424                RGBLED_set_color
 .text.resetIntoApp
                0x0000000000002474       0x30 build/gas_analyser_m0/utils.o
                0x0000000000002474                resetIntoApp
 .text.nvmctrl_exec_cmd
                0x00000000000024a4       0x2c build/gas_analyser_m0/selfmain.o
 .text.set_fuses_and_bootprot
                0x00000000000024d0       0x7c build/gas_analyser_m0/selfmain.o
                0x00000000000024d0                set_fuses_and_bootprot
 .text.startup.main
                0x000000000000254c       0xa0 build/gas_analyser_m0/selfmain.o
                0x000000000000254c                main
 .text.memcpy   0x00000000000025ec       0x12 /usr/bin/../lib/gcc/arm-none-eabi/7.3.1/../../../../arm-none-eabi/lib/thumb/v6-m/libg_nano.a(lib_a-memcpy-stub.o)
                0x00000000000025ec                memcpy
 *(.glue_7t)
 .glue_7t       0x00000000000025fe        0x0 linker stubs
 *(.glue_7)
 .glue_7        0x00000000000025fe        0x0 linker stubs
 *(.rodata .rodata* .gnu.linkonce.r.*)
 *fill*         0x00000000000025fe        0x2 
 .rodata.bootloader
                0x0000000000002600     0x2000 build/gas_analyser_m0/selfdata.o
                0x0000000000002600                bootloader
 .rodata.bootloader_crcs
                0x0000000000004600       0x10 build/gas_analyser_m0/selfdata.o
                0x0000000000004600                bootloader_crcs
 *(.ARM.extab* .gnu.linkonce.armextab.*)
                0x0000000000004610                . = ALIGN (0x4)
 *(.init)
                0x0000000000004610                . = ALIGN (0x4)
                0x0000000000004610                __preinit_array_start = .
 *(.preinit_array)
                0x0000000000004610                __preinit_array_end = .
                0x0000000000004610                . = ALIGN (0x4)
                0x0000000000004610                __init_array_start = .
 *(SORT_BY_NAME(.init_array.*))
 *(.init_array)
                0x0000000000004610                __init_array_end = .
                0x0000000000004610                . = ALIGN (0x4)
 *crtbegin.o(.ctors)
 *(EXCLUDE_FILE(*crtend.o) .ctors)
 *(SORT_BY_NAME(.ctors.*))
 *crtend.o(.ctors)
                0x0000000000004610                . = ALIGN (0x4)
                0x0000000000004610                _efixed = .
                [!provide]                        PROVIDE (__exidx_start = .)

.vfp11_veneer   0x0000000000004610        0x0
 .vfp11_veneer  0x0000000000004610        0x0 linker stubs

.v4_bx          0x0000000000004610        0x0
 .v4_bx         0x0000000000004610        0x0 linker stubs

.iplt           0x0000000000004610        0x0
 .iplt          0x0000000000004610        0x0 build/gas_analyser_m0/flash_samd21.o

.igot.plt       0x0000000000004610        0x0
 .igot.plt      0x0000000000004610        0x0 build/gas_analyser_m0/flash_samd21.o

.rel.dyn        0x0000000000004610        0x0
 .rel.iplt      0x0000000000004610        0x0 build/gas_analyser_m0/flash_samd21.o

.ARM.exidx
 *(.ARM.exidx* .gnu.linkonce.armexidx.*)
                [!provide]                        PROVIDE (__exidx_end = .)
                0x0000000000004610                . = ALIGN (0x4)
                0x0000000000004610                _etext = .

.relocate       0x0000000020000000        0x8 load address 0x0000000000004610
                0x0000000020000000                . = ALIGN (0x4)
                0x0000000020000000                _srelocate = .
 *(.ramfunc .ramfunc.*)
 *(.data .data.*)
 .data.current_cpu_frequency_MHz
                0x0000000020000000        0x4 build/gas_analyser_m0/init_samd21.o
                0x0000000020000000                current_cpu_frequency_MHz
 .data.led_tick_step
                0x0000000020000004        0x1 build/gas_analyser_m0/utils.o
                0x0000000020000004                led_tick_step
 .data.limit    0x0000000020000005        0x1 build/gas_analyser_m0/utils.o
                0x0000000020000008                . = ALIGN (0x4)
 *fill*         0x0000000020000006        0x2 
                0x0000000020000008                _erelocate = .

.bss            0x0000000020000008      0x30c load address 0x0000000000004618
                0x0000000020000008                . = ALIGN (0x4)
                0x0000000020000008                _sbss = .
                0x0000000020000008                _szero = .
 *(.bss .bss.*)
 .bss.crcCache  0x0000000020000008      0x200 build/gas_analyser_m0/usart_sam_ba.o
 .bss.led_tick_on
                0x0000000020000208        0x1 build/gas_analyser_m0/utils.o
                0x0000000020000208                led_tick_on
 *fill*         0x0000000020000209        0x3 
 .bss.now       0x000000002000020c        0x4 build/gas_analyser_m0/utils.o
 .bss.signal_end
                0x0000000020000210        0x4 build/gas_analyser_m0/utils.o
 *(COMMON)
 COMMON         0x0000000020000214      0x100 build/gas_analyser_m0/selfmain.o
                0x0000000020000214                bootloader_page_buf
                0x0000000020000314                . = ALIGN (0x4)
                0x0000000020000314                _ebss = .
                0x0000000020000314                _ezero = .

.stack          0x0000000020000314     0x2004 load address 0x0000000000004924
                0x0000000020000318                . = ALIGN (0x8)
 *fill*         0x0000000020000314        0x4 
                0x0000000020000318                _sstack = .
                0x0000000020002318                . = (. + STACK_SIZE)
 *fill*         0x0000000020000318     0x2000 
                0x0000000020002318                . = ALIGN (0x8)
                0x0000000020002318                _estack = .
                0x0000000020002318                . = ALIGN (0x4)
                0x0000000020002318                _end = .
OUTPUT(build/gas_analyser_m0/update-bootloader-gas_analyser_m0-v3.16.0-19-g4365018.elf elf32-littlearm)

.debug_info     0x0000000000000000     0xcd17
 .debug_info    0x0000000000000000      0xfbe build/gas_analyser_m0/flash_samd21.o
 .debug_info    0x0000000000000fbe     0x2325 build/gas_analyser_m0/init_samd21.o
 .debug_info    0x00000000000032e3     0x35c5 build/gas_analyser_m0/startup_samd21.o
 .debug_info    0x00000000000068a8     0x3d4b build/gas_analyser_m0/usart_sam_ba.o
 .debug_info    0x000000000000a5f3     0x143e build/gas_analyser_m0/utils.o
 .debug_info    0x000000000000ba31     0x11fd build/gas_analyser_m0/selfmain.o
 .debug_info    0x000000000000cc2e       0xe9 build/gas_analyser_m0/selfdata.o

.debug_abbrev   0x0000000000000000     0x1546
 .debug_abbrev  0x0000000000000000      0x2c1 build/gas_analyser_m0/flash_samd21.o
 .debug_abbrev  0x00000000000002c1      0x34a build/gas_analyser_m0/init_samd21.o
 .debug_abbrev  0x000000000000060b      0x25b build/gas_analyser_m0/startup_samd21.o
 .debug_abbrev  0x0000000000000866      0x494 build/gas_analyser_m0/usart_sam_ba.o
 .debug_abbrev  0x0000000000000cfa      0x433 build/gas_analyser_m0/utils.o
 .debug_abbrev  0x000000000000112d      0x39f build/gas_analyser_m0/selfmain.o
 .debug_abbrev  0x00000000000014cc       0x7a build/gas_analyser_m0/selfdata.o

.debug_loc      0x0000000000000000      0xfd9
 .debug_loc     0x0000000000000000      0x3a6 build/gas_analyser_m0/flash_samd21.o
 .debug_loc     0x00000000000003a6       0x65 build/gas_analyser_m0/init_samd21.o
 .debug_loc     0x000000000000040b       0x2b build/gas_analyser_m0/startup_samd21.o
 .debug_loc     0x0000000000000436      0x81f build/gas_analyser_m0/usart_sam_ba.o
 .debug_loc     0x0000000000000c55      0x1ba build/gas_analyser_m0/utils.o
 .debug_loc     0x0000000000000e0f      0x1ca build/gas_analyser_m0/selfmain.o

.debug_aranges  0x0000000000000000      0x1e8
 .debug_aranges
                0x0000000000000000       0x48 build/gas_analyser_m0/flash_samd21.o
 .debug_aranges
                0x0000000000000048       0x30 build/gas_analyser_m0/init_samd21.o
 .debug_aranges
                0x0000000000000078       0x30 build/gas_analyser_m0/startup_samd21.o
 .debug_aranges
                0x00000000000000a8       0x88 build/gas_analyser_m0/usart_sam_ba.o
 .debug_aranges
                0x0000000000000130       0x70 build/gas_analyser_m0/utils.o
 .debug_aranges
                0x00000000000001a0       0x30 build/gas_analyser_m0/selfmain.o
 .debug_aranges
                0x00000000000001d0       0x18 build/gas_analyser_m0/selfdata.o

.debug_ranges   0x0000000000000000      0x258
 .debug_ranges  0x0000000000000000       0x70 build/gas_analyser_m0/flash_samd21.o
 .debug_ranges  0x0000000000000070       0x40 build/gas_analyser_m0/init_samd21.o
 .debug_ranges  0x00000000000000b0       0x20 build/gas_analyser_m0/startup_samd21.o
 .debug_ranges  0x00000000000000d0       0x90 build/gas_analyser_m0/usart_sam_ba.o
 .debug_ranges  0x0000000000000160       0xd8 build/gas_analyser_m0/utils.o
 .debug_ranges  0x0000000000000238       0x20 build/gas_analyser_m0/selfmain.o

.debug_line     0x0000000000000000     0x10ba
 .debug_line    0x0000000000000000      0x24a build/gas_analyser_m0/flash_samd21.o
 .debug_line    0x000000000000024a      0x22e build/gas_analyser_m0/init_samd21.o
 .debug_line    0x0000000000000478      0x1aa build/gas_analyser_m0/startup_samd21.o
 .debug_line    0x0000000000000622      0x3f1 build/gas_analyser_m0/usart_sam_ba.o
 .debug_line    0x0000000000000a13      0x366 build/gas_analyser_m0/utils.o
 .debug_line    0x0000000000000d79      0x29d build/gas_analyser_m0/selfmain.o
 .debug_line    0x0000000000001016       0xa4 build/gas_analyser_m0/selfdata.o

.debug_str      0x0000000000000000     0x2b8d
 .debug_str     0x0000000000000000      0x75f build/gas_analyser_m0/flash_samd21.o
                                        0x822 (size before relaxing)
 .debug_str     0x000000000000075f      0x6cd build/gas_analyser_m0/init_samd21.o
                                        0xe8b (size before relaxing)
 .debug_str     0x0000000000000e2c      0xed1 build/gas_analyser_m0/startup_samd21.o
                                       0x1343 (size before relaxing)
 .debug_str     0x0000000000001cfd      0xc5c build/gas_analyser_m0/usart_sam_ba.o
                                       0x13ed (size before relaxing)
 .debug_str     0x0000000000002959      0x141 build/gas_analyser_m0/utils.o
                                        0x913 (size before relaxing)
 .debug_str     0x0000000000002a9a       0xd2 build/gas_analyser_m0/selfmain.o
                                        0x90b (size before relaxing)
 .debug_str     0x0000000000002b6c       0x21 build/gas_analyser_m0/selfdata.o
                                        0x1d1 (size before relaxing)

.comment        0x0000000000000000       0x7f
 .comment       0x0000000000000000       0x7f build/gas_analyser_m0/flash_samd21.o
                                         0x80 (size before relaxing)
 .comment       0x000000000000007f       0x80 build/gas_analyser_m0/init_samd21.o
 .comment       0x000000000000007f       0x80 build/gas_analyser_m0/startup_samd21.o
 .comment       0x000000000000007f       0x80 build/gas_analyser_m0/usart_sam_ba.o
 .comment       0x000000000000007f       0x80 build/gas_analyser_m0/utils.o
 .comment       0x000000000000007f       0x80 build/gas_analyser_m0/selfmain.o
 .comment       0x000000000000007f       0x80 build/gas_analyser_m0/selfdata.o

.ARM.attributes
                0x0000000000000000       0x32
 .ARM.attributes
                0x0000000000000000       0x32 build/gas_analyser_m0/flash_samd21.o
 .ARM.attributes
                0x0000000000000032       0x32 build/gas_analyser_m0/init_samd21.o
 .ARM.attributes
                0x0000000000000064       0x32 build/gas_analyser_m0/startup_samd21.o
 .ARM.attributes
                0x0000000000000096       0x32 build/gas_analyser_m0/usart_sam_ba.o
 .ARM.attributes
                0x00000000000000c8       0x32 build/gas_analyser_m0/utils.o
 .ARM.attributes
                0x00000000000000fa       0x32 build/gas_analyser_m0/selfmain.o
 .ARM.attributes
                0x000000000000012c       0x32 build/gas_analyser_m0/selfdata.o
 .ARM.attributes
                0x000000000000015e       0x2c /usr/bin/../lib/gcc/arm-none-eabi/7.3.1/../../../../arm-none-eabi/lib/thumb/v6-m/libg_nano.a(lib_a-memcpy-stub.o)

.debug_frame    0x0000000000000000      0x450
 .debug_frame   0x0000000000000000       0xb4 build/gas_analyser_m0/flash_samd21.o
 .debug_frame   0x00000000000000b4       0x54 build/gas_analyser_m0/init_samd21.o
 .debug_frame   0x0000000000000108       0x4c build/gas_analyser_m0/startup_samd21.o
 .debug_frame   0x0000000000000154      0x184 build/gas_analyser_m0/usart_sam_ba.o
 .debug_frame   0x00000000000002d8       0xec build/gas_analyser_m0/utils.o
 .debug_frame   0x00000000000003c4       0x64 build/gas_analyser_m0/selfmain.o
 .debug_frame   0x0000000000000428       0x28 /usr/bin/../lib/gcc/arm-none-eabi/7.3.1/../../../../arm-none-eabi/lib/thumb/v6-m/libg_nano.a(lib_a-memcpy-stub.o)

Cross Reference Table

Symbol                                            File
AC_Handler                                        build/gas_analyser_m0/startup_samd21.o
ADC_Handler                                       build/gas_analyser_m0/startup_samd21.o
DAC_Handler                                       build/gas_analyser_m0/startup_samd21.o
DMAC_Handler                                      build/gas_analyser_m0/startup_samd21.o
Dummy_Handler                                     build/gas_analyser_m0/startup_samd21.o
EIC_Handler                                       build/gas_analyser_m0/startup_samd21.o
EVSYS_Handler                                     build/gas_analyser_m0/startup_samd21.o
HardFault_Handler                                 build/gas_analyser_m0/startup_samd21.o
I2S_Handler                                       build/gas_analyser_m0/startup_samd21.o
NMI_Handler                                       build/gas_analyser_m0/startup_samd21.o
NVMCTRL_Handler                                   build/gas_analyser_m0/startup_samd21.o
PM_Handler                                        build/gas_analyser_m0/startup_samd21.o
PTC_Handler                                       build/gas_analyser_m0/startup_samd21.o
PendSV_Handler                                    build/gas_analyser_m0/startup_samd21.o
RGBLED_set_color                                  build/gas_analyser_m0/utils.o
RTC_Handler                                       build/gas_analyser_m0/startup_samd21.o
Reset_Handler                                     build/gas_analyser_m0/startup_samd21.o
SERCOM0_Handler                                   build/gas_analyser_m0/startup_samd21.o
SERCOM1_Handler                                   build/gas_analyser_m0/startup_samd21.o
SERCOM2_Handler                                   build/gas_analyser_m0/startup_samd21.o
SERCOM3_Handler                                   build/gas_analyser_m0/startup_samd21.o
SVC_Handler                                       build/gas_analyser_m0/startup_samd21.o
SYSCTRL_Handler                                   build/gas_analyser_m0/startup_samd21.o
SysTick_Handler                                   build/gas_analyser_m0/init_samd21.o
TC3_Handler                                       build/gas_analyser_m0/startup_samd21.o
TC4_Handler                                       build/gas_analyser_m0/startup_samd21.o
TC5_Handler                                       build/gas_analyser_m0/startup_samd21.o
TCC0_Handler                                      build/gas_analyser_m0/startup_samd21.o
TCC1_Handler                                      build/gas_analyser_m0/startup_samd21.o
TCC2_Handler                                      build/gas_analyser_m0/startup_samd21.o
USB_Handler                                       build/gas_analyser_m0/startup_samd21.o
WDT_Handler                                       build/gas_analyser_m0/startup_samd21.o
_erelocate                                        build/gas_analyser_m0/startup_samd21.o
_estack                                           build/gas_analyser_m0/startup_samd21.o
_etext                                            build/gas_analyser_m0/startup_samd21.o
_ezero                                            build/gas_analyser_m0/startup_samd21.o
_sfixed                                           build/gas_analyser_m0/startup_samd21.o
_srelocate                                        build/gas_analyser_m0/startup_samd21.o
_szero                                            build/gas_analyser_m0/startup_samd21.o
add_crc                                           build/gas_analyser_m0/usart_sam_ba.o
                                                  build/gas_analyser_m0/selfmain.o
arrowLogo                                         build/gas_analyser_m0/images.o
b_sharp_received                                  build/gas_analyser_m0/usart_sam_ba.o
bootloader                                        build/gas_analyser_m0/selfdata.o
                                                  build/gas_analyser_m0/selfmain.o
bootloader_crcs                                   build/gas_analyser_m0/selfdata.o
                                                  build/gas_analyser_m0/selfmain.o
bootloader_page_buf                               build/gas_analyser_m0/selfmain.o
buffer_rx_usart                                   build/gas_analyser_m0/usart_sam_ba.o
buffer_tx_usart                                   build/gas_analyser_m0/usart_sam_ba.o
copy_words                                        build/gas_analyser_m0/flash_samd21.o
current_cpu_frequency_MHz                         build/gas_analyser_m0/init_samd21.o
                                                  build/gas_analyser_m0/utils.o
delay                                             build/gas_analyser_m0/utils.o
error_timeout                                     build/gas_analyser_m0/usart_sam_ba.o
exception_table                                   build/gas_analyser_m0/startup_samd21.o
fileLogo                                          build/gas_analyser_m0/images.o
flash_erase_row                                   build/gas_analyser_m0/flash_samd21.o
flash_erase_to_end                                build/gas_analyser_m0/flash_samd21.o
flash_write                                       build/gas_analyser_m0/flash_samd21.o
flash_write_row                                   build/gas_analyser_m0/flash_samd21.o
                                                  build/gas_analyser_m0/selfmain.o
flash_write_words                                 build/gas_analyser_m0/flash_samd21.o
                                                  build/gas_analyser_m0/selfmain.o
font8                                             build/gas_analyser_m0/images.o
g_interrupt_enabled                               build/gas_analyser_m0/init_samd21.o
getPacket                                         build/gas_analyser_m0/usart_sam_ba.o
idx_rx_read                                       build/gas_analyser_m0/usart_sam_ba.o
idx_rx_write                                      build/gas_analyser_m0/usart_sam_ba.o
idx_tx_read                                       build/gas_analyser_m0/usart_sam_ba.o
idx_tx_write                                      build/gas_analyser_m0/usart_sam_ba.o
led_init                                          build/gas_analyser_m0/utils.o
                                                  build/gas_analyser_m0/selfmain.o
led_signal                                        build/gas_analyser_m0/utils.o
led_tick                                          build/gas_analyser_m0/utils.o
                                                  build/gas_analyser_m0/init_samd21.o
led_tick_on                                       build/gas_analyser_m0/utils.o
led_tick_step                                     build/gas_analyser_m0/utils.o
main                                              build/gas_analyser_m0/selfmain.o
                                                  build/gas_analyser_m0/startup_samd21.o
memcpy                                            /usr/bin/../lib/gcc/arm-none-eabi/7.3.1/../../../../arm-none-eabi/lib/thumb/v6-m/libg_nano.a(lib_a-memcpy-stub.o)
                                                  build/gas_analyser_m0/selfmain.o
mode_of_transfer                                  build/gas_analyser_m0/usart_sam_ba.o
panic                                             build/gas_analyser_m0/utils.o
                                                  build/gas_analyser_m0/selfmain.o
pendriveLogo                                      build/gas_analyser_m0/images.o
resetHorizon                                      build/gas_analyser_m0/utils.o
resetIntoApp                                      build/gas_analyser_m0/utils.o
                                                  build/gas_analyser_m0/selfmain.o
resetIntoBootloader                               build/gas_analyser_m0/utils.o
                                                  build/gas_analyser_m0/selfmain.o
set_fuses_and_bootprot                            build/gas_analyser_m0/selfmain.o
size_of_data                                      build/gas_analyser_m0/usart_sam_ba.o
system_init                                       build/gas_analyser_m0/init_samd21.o
                                                  build/gas_analyser_m0/selfmain.o
timerHigh                                         build/gas_analyser_m0/utils.o
timerTick                                         build/gas_analyser_m0/utils.o
uart_basic_init                                   build/gas_analyser_m0/usart_sam_ba.o
uart_disable                                      build/gas_analyser_m0/usart_sam_ba.o
uart_get_sercom_index                             build/gas_analyser_m0/usart_sam_ba.o
uart_read_byte                                    build/gas_analyser_m0/usart_sam_ba.o
uart_write_byte                                   build/gas_analyser_m0/usart_sam_ba.o
usart_close                                       build/gas_analyser_m0/usart_sam_ba.o
usart_getc                                        build/gas_analyser_m0/usart_sam_ba.o
usart_getdata                                     build/gas_analyser_m0/usart_sam_ba.o
usart_getdata_xmd                                 build/gas_analyser_m0/usart_sam_ba.o
usart_is_rx_ready                                 build/gas_analyser_m0/usart_sam_ba.o
usart_open                                        build/gas_analyser_m0/usart_sam_ba.o
usart_putc                                        build/gas_analyser_m0/usart_sam_ba.o
usart_putdata                                     build/gas_analyser_m0/usart_sam_ba.o
usart_putdata_xmd                                 build/gas_analyser_m0/usart_sam_ba.o
usart_readc                                       build/gas_analyser_m0/usart_sam_ba.o
usart_sharp_received                              build/gas_analyser_m0/usart_sam_ba.o
writeNum                                          build/gas_analyser_m0/utils.o
